T02 Windows targeted test evidence
Date: 2026-10-08 (UTC)
Repository HEAD: a9cf4e634cf435caf425e709b152a3ee72892779
Command: .\gradlew.bat :core:datastore:testDebugUnitTest --console=plain --no-configuration-cache
Environment: Windows; ANDROID_HOME=C:\Users\Alaa\AppData\Local\Android\Sdk
Result: task failed (exit 1); 46 tests, 5 failures, each is an existing-target rename IOException.
Class com.nexaflow.core.datastore.ActiveExecutionStoreCheckpointTest: tests=17; failures=0; errors=0; skipped=0
Class com.nexaflow.core.datastore.AgentNetworkPreferencesTest: tests=2; failures=1; errors=0; skipped=0
  FAIL explicitLanChoicePersists: java.io.IOException — java.io.IOException: Unable to rename C:\Users\Alaa\AppData\Local\Temp\junit438311796550090234\agent-network.preferences_pb.tmp to C:\Users\Alaa\AppData\Local\Temp\junit438311796550090234\agent-network.preferences_pb. This likely means that there are multiple instances of DataStore for this file. Ensure that you are only creating a single instance of datastore for this file.
Class com.nexaflow.core.datastore.AiProviderPreferencesTest: tests=6; failures=1; errors=0; skipped=0
  FAIL v1MigrationPreservesValidProfilesWhenOneEntryIsCorrupt: java.io.IOException — java.io.IOException: Unable to rename C:\Users\Alaa\AppData\Local\Temp\junit4262580963872714659\v1-corrupt.preferences_pb.tmp to C:\Users\Alaa\AppData\Local\Temp\junit4262580963872714659\v1-corrupt.preferences_pb. This likely means that there are multiple instances of DataStore for this file. Ensure that you are only creating a single instance of datastore for this file.
Class com.nexaflow.core.datastore.AppLanguageManagerTest: tests=4; failures=0; errors=0; skipped=0
Class com.nexaflow.core.datastore.AutomationRuntimeStoreTest: tests=7; failures=0; errors=0; skipped=0
Class com.nexaflow.core.datastore.DataStoreCorruptionHandlerTest: tests=2; failures=0; errors=0; skipped=0
Class com.nexaflow.core.datastore.SmsDeliveryStoreTest: tests=3; failures=3; errors=0; skipped=0
  FAIL cooldownIsDurableAcrossDifferentMessages: java.io.IOException — java.io.IOException: Unable to rename C:\Users\Alaa\AppData\Local\Temp\robolectric-SmsDeliveryStoreTest_cooldownIsDurableAcrossDifferentMessages13024695360067946810\org.robolectric.default-dataDir\files\datastore\nexaflow_sms_delivery.preferences_pb.tmp to C:\Users\Alaa\AppData\Local\Temp\robolectric-SmsDeliveryStoreTest_cooldownIsDurableAcrossDifferentMessages13024695360067946810\org.robolectric.default-dataDir\files\datastore\nexaflow_sms_delivery.preferences_pb. This likely means that there are multiple instances of DataStore for this file. Ensure that you are only creating a single instance of datastore for this file.
  FAIL samePhysicalMessageCanBeClaimedByDifferentAutomations: java.io.IOException — java.io.IOException: Unable to rename C:\Users\Alaa\AppData\Local\Temp\robolectric-SmsDeliveryStoreTest_cooldownIsDurableAcrossDifferentMessages13024695360067946810\org.robolectric.default-dataDir\files\datastore\nexaflow_sms_delivery.preferences_pb.tmp to C:\Users\Alaa\AppData\Local\Temp\robolectric-SmsDeliveryStoreTest_cooldownIsDurableAcrossDifferentMessages13024695360067946810\org.robolectric.default-dataDir\files\datastore\nexaflow_sms_delivery.preferences_pb. This likely means that there are multiple instances of DataStore for this file. Ensure that you are only creating a single instance of datastore for this file.
  FAIL duplicateFingerprintIsRejectedAcrossClaims: java.io.IOException — java.io.IOException: Unable to rename C:\Users\Alaa\AppData\Local\Temp\robolectric-SmsDeliveryStoreTest_cooldownIsDurableAcrossDifferentMessages13024695360067946810\org.robolectric.default-dataDir\files\datastore\nexaflow_sms_delivery.preferences_pb.tmp to C:\Users\Alaa\AppData\Local\Temp\robolectric-SmsDeliveryStoreTest_cooldownIsDurableAcrossDifferentMessages13024695360067946810\org.robolectric.default-dataDir\files\datastore\nexaflow_sms_delivery.preferences_pb. This likely means that there are multiple instances of DataStore for this file. Ensure that you are only creating a single instance of datastore for this file.
Class com.nexaflow.core.datastore.UpdatePreferencesTest: tests=5; failures=0; errors=0; skipped=0
Raw per-class XML reports are preserved beside this file.
